// Vitest Snapshot v1, https://vitest.dev/guide/snapshot.html

exports[`fila que escribe el ETL en products (caracterización K-04) > columnas derivadas de los 200 productos de la muestra 1`] = `
[
  {
    "ai_enriched": true,
    "barcode": "7790000000000",
    "brand": null,
    "category": "Almacén > Conservas > Conservas de Pescado",
    "data_source": "off",
    "image_url": null,
    "product_name": "Sardinas Cumaná",
  },
  {
    "ai_enriched": false,
    "barcode": "7790000000001",
    "brand": "Marca 1",
    "category": "Plant Based Foods",
    "data_source": "off",
    "image_url": "https://img.test/1.jpg",
    "product_name": "Arroz blanco Vanguardia",
  },
  {
    "ai_enriched": false,
    "barcode": "7790000000002",
    "brand": "Marca 2",
    "category": "Congelados > Hamburguesas y Milanesas",
    "data_source": "off",
    "image_url": "https://img.test/2.jpg",
    "product_name": "Medallón de Carne Sabor Cebolla x 2 Un 200 Grs Paty",
  },
  {
    "ai_enriched": false,
    "barcode": "7790000000003",
    "brand": null,
    "category": "Bebidas",
    "data_source": "off",
    "image_url": "https://img.test/3.jpg",
    "product_name": "Yerba Mate",
  },
  {
    "ai_enriched": false,
    "barcode": "7790000000004",
    "brand": "Marca 4",
    "category": "Lácteos y productos frescos > Leches > Leches en polvo",
    "data_source": "off",
    "image_url": null,
    "product_name": "Leche en polvo",
  },
  {
    "ai_enriched": false,
    "barcode": "7790000000005",
    "brand": "Marca 5",
    "category": "Bebidas > Vinos > Vinos Blancos",
    "data_source": "off",
    "image_url": "https://img.test/5.jpg",
    "product_name": "Vino Blanco Blend del Enólogo Estancia Mendoza",
  },
  {
    "ai_enriched": true,
    "barcode": "7790000000006",
    "brand": null,
    "category": "Almacén > Desayuno y Merienda > Galletitas Dulces",
    "data_source": "off",
    "image_url": "https://img.test/6.jpg",
    "product_name": "Galletitas Sabor Manteca y Chips de Chocolate 125 Grs La Mere Poulard",
  },
  {
    "ai_enriched": false,
    "barcode": "7790000000007",
    "brand": "Marca 7",
    "category": "Botanas",
    "data_source": "off",
    "image_url": "https://img.test/7.jpg",
    "product_name": "Maicitos pehuamar",
  },
  {
    "ai_enriched": false,
    "barcode": "7790000000008",
    "brand": "Marca 8",
    "category": "Almacén > Desayuno y Merienda > Cafés",
    "data_source": "off",
    "image_url": null,
    "product_name": "Cápsula De Café Deciso X 55 Grs Cabrales",
  },
  {
    "ai_enriched": false,
    "barcode": "7790000000009",
    "brand": null,
    "category": "Alimento",
    "data_source": "off",
    "image_url": "https://img.test/9.jpg",
    "product_name": "Tomate pelado",
  },
  {
    "ai_enriched": false,
    "barcode": "7790000000010",
    "brand": "Marca 10",
    "category": "Snacks",
    "data_source": "off",
    "image_url": "https://img.test/10.jpg",
    "product_name": "Snack matero salado",
  },
  {
    "ai_enriched": false,
    "barcode": "7790000000011",
    "brand": "Marca 11",
    "category": "Flavoured Dark Chocolates",
    "data_source": "off",
    "image_url": "https://img.test/11.jpg",
    "product_name": "Chocolate Amargo 53%",
  },
  {
    "ai_enriched": true,
    "barcode": "7790000000012",
    "brand": null,
    "category": "Alimentos De Origen Vegetal",
    "data_source": "off",
    "image_url": null,
    "product_name": "Avena tradicional",
  },
  {
    "ai_enriched": false,
    "barcode": "7790000000013",
    "brand": "Marca 13",
    "category": "Congelados > Vegetales",
    "data_source": "off",
    "image_url": "https://img.test/13.jpg",
    "product_name": "Medallón De Lentejón Canadiense X 4 Un Casa Vegana",
  },
  {
    "ai_enriched": false,
    "barcode": "7790000000014",
    "brand": "Marca 14",
    "category": "Almacén > Desayuno y Merienda > Mermeladas y Jaleas",
    "data_source": "off",
    "image_url": "https://img.test/14.jpg",
    "product_name": "Dulce Caba¤a Mico Sauco Seramico X 454 Grs.",
  },
  {
    "ai_enriched": false,
    "barcode": "7790000000015",
    "brand": null,
    "category": "Congelados > Hamburguesas y Milanesas",
    "data_source": "off",
    "image_url": "https://img.test/15.jpg",
    "product_name": "Medallones De Carne Finitas Chacra Nuestra 2x5",
  },
  {
    "ai_enriched": false,
    "barcode": "7790000000016",
    "brand": "Marca 16",
    "category": "Alimento",
    "data_source": "off",
    "image_url": null,
    "product_name": "Dulce Rosa Mosqueta",
  },
  {
    "ai_enriched": false,
    "barcode": "7790000000017",
    "brand": "Marca 17",
    "category": "Desayuno y merienda > Golosinas y chocolates > Chocolates",
    "data_source": "off",
    "image_url": "https://img.test/17.jpg",
    "product_name": "Bombon de chocolate y avellanas Bon o Bon Supreme 36 grs",
  },
  {
    "ai_enriched": true,
    "barcode": "7790000000018",
    "brand": null,
    "category": "Congelados > Helados y Postres > Postres",
    "data_source": "off",
    "image_url": "https://img.test/18.jpg",
    "product_name": "Profiteroles Al Cacao X 55 Grs Dolceria Alba",
  },
  {
    "ai_enriched": false,
    "barcode": "7790000000019",
    "brand": "Marca 19",
    "category": "Snacks",
    "data_source": "off",
    "image_url": "https://img.test/19.jpg",
    "product_name": "Pitusas",
  },
  {
    "ai_enriched": false,
    "barcode": "7790000000020",
    "brand": "Marca 20",
    "category": "Bebidas > Vinos > Vinos Blancos",
    "data_source": "off",
    "image_url": null,
    "product_name": "Vino Blanco Torrontés Cafayate",
  },
  {
    "ai_enriched": false,
    "barcode": "7790000000021",
    "brand": null,
    "category": "Bebidas > Vinos > Vinos Tintos",
    "data_source": "off",
    "image_url": "https://img.test/21.jpg",
    "product_name": "Vino Tinto Lcp Merlot",
  },
  {
    "ai_enriched": false,
    "barcode": "7790000000022",
    "brand": "Marca 22",
    "category": "Bebidas",
    "data_source": "off",
    "image_url": "https://img.test/22.jpg",
    "product_name": "Naranja",
  },
  {
    "ai_enriched": false,
    "barcode": "7790000000023",
    "brand": "Marca 23",
    "category": "Lácteos > Yogures > Yogures Descremados",
    "data_source": "off",
    "image_url": "https://img.test/23.jpg",
    "product_name": "Yogur Descremado Con Fruta Durazno X Ilolay",
  },
  {
    "ai_enriched": true,
    "barcode": "7790000000024",
    "brand": null,
    "category": "LáCteos",
    "data_source": "off",
    "image_url": null,
    "product_name": "Yogurísimo Firme Vainilla",
  },
  {
    "ai_enriched": false,
    "barcode": "7790000000025",
    "brand": "Marca 25",
    "category": "Almacén > Desayuno y Merienda > Cafés",
    "data_source": "off",
    "image_url": "https://img.test/25.jpg",
    "product_name": "Café en Grano Armonioso 500 Grs Gimoka",
  },
  {
    "ai_enriched": false,
    "barcode": "7790000000026",
    "brand": "Marca 26",
    "category": "Desayuno y merienda > Mermeladas y otros dulces > Miel",
    "data_source": "off",
    "image_url": "https://img.test/26.jpg",
    "product_name": "Miel",
  },
  {
    "ai_enriched": false,
    "barcode": "7790000000027",
    "brand": null,
    "category": "AlmacéN > Sal",
    "data_source": "off",
    "image_url": "https://img.test/27.jpg",
    "product_name": "Dos anclas sal gruesa",
  },
  {
    "ai_enriched": false,
    "barcode": "7790000000028",
    "brand": "Marca 28",
    "category": "Plant Based Foods",
    "data_source": "off",
    "image_url": null,
    "product_name": "Orégano",
  },
  {
    "ai_enriched": false,
    "barcode": "7790000000029",
    "brand": "Marca 29",
    "category": "Congelados > Comidas Congeladas > Empanadas y Tartas",
    "data_source": "off",
    "image_url": "https://img.test/29.jpg",
    "product_name": "Empanada De Carne Pietro X 4u -",
  },
  {
    "ai_enriched": true,
    "barcode": "7790000000030",
    "brand": null,
    "category": "Alimento",
    "data_source": "off",
    "image_url": "https://img.test/30.jpg",
    "product_name": "Mantecol",
  },
  {
    "ai_enriched": false,
    "barcode": "7790000000031",
    "brand": "Marca 31",
    "category": "Bebidas > Vinos > Vinos Tintos",
    "data_source": "off",
    "image_url": "https://img.test/31.jpg",
    "product_name": "Vino Fino Sun.rise Conha Y Toro Cabernet Sauvignon X.",
  },
  {
    "ai_enriched": false,
    "barcode": "7790000000032",
    "brand": "Marca 32",
    "category": "Bebidas",
    "data_source": "off",
    "image_url": null,
    "product_name": "Nescafé Gold",
  },
  {
    "ai_enriched": false,
    "barcode": "7790000000033",
    "brand": null,
    "category": "Almacén > Desayuno y Merienda > Yerbas",
    "data_source": "off",
    "image_url": "https://img.test/33.jpg",
    "product_name": "Yerba Mate Rosamonte Con Palo Paquete",
  },
  {
    "ai_enriched": false,
    "barcode": "7790000000034",
    "brand": "Marca 34",
    "category": "Congelados > Helados y Postres > Helados",
    "data_source": "off",
    "image_url": "https://img.test/34.jpg",
    "product_name": "Helado Sabor Crema Toffee con Corazón de Dulce de Leche Chomp 180 Grs Frigor",
  },
  {
    "ai_enriched": false,
    "barcode": "7790000000035",
    "brand": "Marca 35",
    "category": "Almacén > Desayuno y Merienda > Cereales",
    "data_source": "off",
    "image_url": "https://img.test/35.jpg",
    "product_name": "Cereal Cookie Crisp",
  },
  {
    "ai_enriched": true,
    "barcode": "7790000000036",
    "brand": null,
    "category": "Bebidas > Cervezas",
    "data_source": "off",
    "image_url": null,
    "product_name": "Cerveza Session Ipa Salta Cautiva",
  },
  {
    "ai_enriched": false,
    "barcode": "7790000000037",
    "brand": "Marca 37",
    "category": "AlmacéN > Harinas > Avena",
    "data_source": "off",
    "image_url": "https://img.test/37.jpg",
    "product_name": "Avena gruesa Dicomere sin gluten 350 grs",
  },
  {
    "ai_enriched": false,
    "barcode": "7790000000038",
    "brand": "Marca 38",
    "category": "Almacén > Golosinas y Chocolates > Caramelos y Chicles",
    "data_source": "off",
    "image_url": "https://img.test/38.jpg",
    "product_name": "Caramelos Sabor Crema",
  },
  {
    "ai_enriched": false,
    "barcode": "7790000000039",
    "brand": null,
    "category": "Bebidas > Cervezas",
    "data_source": "off",
    "image_url": "https://img.test/39.jpg",
    "product_name": "Cerveza Imperial Stout",
  },
  {
    "ai_enriched": false,
    "barcode": "7790000000040",
    "brand": "Marca 40",
    "category": "Panaderia y Pasteleria > Pasteleria > Tortas y Tartas",
    "data_source": "off",
    "image_url": null,
    "product_name": "Merengues Medianos de Colores",
  },
  {
    "ai_enriched": false,
    "barcode": "7790000000041",
    "brand": "Marca 41",
    "category": "Almacén > Desayuno y Merienda > Cafés",
    "data_source": "off",
    "image_url": "https://img.test/41.jpg",
    "product_name": "Café Lungo Profondo Intensidad 8 x 10 Un Lo'R",
  },
  {
    "ai_enriched": true,
    "barcode": "7790000000042",
    "brand": null,
    "category": "Plant Based Foods",
    "data_source": "off",
    "image_url": "https://img.test/42.jpg",
    "product_name": "Tirabuzón",
  },
  {
    "ai_enriched": false,
    "barcode": "7790000000043",
    "brand": "Marca 43",
    "category": "Lácteos > Mantecas y Margarinas > Manteca",
    "data_source": "off",
    "image_url": "https://img.test/43.jpg",
    "product_name": "Manteca President Sin Sal Paq",
  },
  {
    "ai_enriched": false,
    "barcode": "7790000000044",
    "brand": "Marca 44",
    "category": "Alimento",
    "data_source": "off",
    "image_url": null,
    "product_name": "Arytza salsa caesar",
  },
  {
    "ai_enriched": false,
    "barcode": "7790000000045",
    "brand": null,
    "category": "Bebidas > Vinos > Vinos tintos",
    "data_source": "off",
    "image_url": "https://img.test/45.jpg",
    "product_name": "Vino tinto malbec Terra.",
  },
  {
    "ai_enriched": false,
    "barcode": "7790000000046",
    "brand": "Marca 46",
    "category": "Botanas",
    "data_source": "off",
    "image_url": "https://img.test/46.jpg",
    "product_name": "Mini Crackers 5 Semillas",
  },
  {
    "ai_enriched": false,
    "barcode": "7790000000047",
    "brand": "Marca 47",
    "category": "Sauces",
    "data_source": "off",
    "image_url": "https://img.test/47.jpg",
    "product_name": "Salsa napolitana",
  },
  {
    "ai_enriched": true,
    "barcode": "7790000000048",
    "brand": null,
    "category": "Bebidas > Vinos > Vinos Tintos",
    "data_source": "off",
    "image_url": null,
    "product_name": "Vino Tinto Toro",
  },
  {
    "ai_enriched": false,
    "barcode": "7790000000049",
    "brand": "Marca 49",
    "category": "Condiments",
    "data_source": "off",
    "image_url": "https://img.test/49.jpg",
    "product_name": "Salsa lista knorr portuguesa",
  },
  {
    "ai_enriched": false,
    "barcode": "7790000000050",
    "brand": "Marca 50",
    "category": "Alimentos De Origen Vegetal",
    "data_source": "off",
    "image_url": "https://img.test/50.jpg",
    "product_name": "Cañuelas",
  },
  {
    "ai_enriched": false,
    "barcode": "7790000000051",
    "brand": null,
    "category": "Bebidas > Vinos > Vinos Rosados",
    "data_source": "off",
    "image_url": "https://img.test/51.jpg",
    "product_name": "Vino Rosado La Celia",
  },
  {
    "ai_enriched": false,
    "barcode": "7790000000052",
    "brand": "Marca 52",
    "category": "Plant Based Foods",
    "data_source": "off",
    "image_url": null,
    "product_name": "Organic Cinnamon Harvest",
  },
  {
    "ai_enriched": false,
    "barcode": "7790000000053",
    "brand": "Marca 53",
    "category": "Alimento",
    "data_source": "off",
    "image_url": "https://img.test/53.jpg",
    "product_name": "Pan lactal",
  },
  {
    "ai_enriched": true,
    "barcode": "7790000000054",
    "brand": null,
    "category": "Congelados > Vegetales",
    "data_source": "off",
    "image_url": "https://img.test/54.jpg",
    "product_name": "Choclo",
  },
  {
    "ai_enriched": false,
    "barcode": "7790000000055",
    "brand": "Marca 55",
    "category": "Almacén > Desayuno y Merienda > Galletitas Dulces",
    "data_source": "off",
    "image_url": "https://img.test/55.jpg",
    "product_name": "Anillitos De Vainilla",
  },
  {
    "ai_enriched": false,
    "barcode": "7790000000056",
    "brand": "Marca 56",
    "category": "Congelados > Pollo Y Carnes",
    "data_source": "off",
    "image_url": null,
    "product_name": "Formitas de Pollo",
  },
  {
    "ai_enriched": false,
    "barcode": "7790000000057",
    "brand": null,
    "category": "AlmacéN > Snacks > Nachos",
    "data_source": "off",
    "image_url": "https://img.test/57.jpg",
    "product_name": "Nachos Snack Style Sabor Queso",
  },
  {
    "ai_enriched": false,
    "barcode": "7790000000058",
    "brand": "Marca 58",
    "category": "Lácteos > Yogures > Yogures Enteros",
    "data_source": "off",
    "image_url": "https://img.test/58.jpg",
    "product_name": "Yogur Entero Tregar Durazno",
  },
  {
    "ai_enriched": false,
    "barcode": "7790000000059",
    "brand": "Marca 59",
    "category": "Alimentos De Origen Vegetal",
    "data_source": "off",
    "image_url": "https://img.test/59.jpg",
    "product_name": "TOMATE TRITURADO",
  },
  {
    "ai_enriched": true,
    "barcode": "7790000000060",
    "brand": null,
    "category": "Pasta De Maní",
    "data_source": "off",
    "image_url": null,
    "product_name": "Pasta de mani",
  },
  {
    "ai_enriched": false,
    "barcode": "7790000000061",
    "brand": "Marca 61",
    "category": "Botanas",
    "data_source": "off",
    "image_url": "https://img.test/61.jpg",
    "product_name": "Duo - Chocolate con leche y chocolate blanco",
  },
  {
    "ai_enriched": false,
    "barcode": "7790000000062",
    "brand": "Marca 62",
    "category": "Alimento",
    "data_source": "off",
    "image_url": "https://img.test/62.jpg",
    "product_name": "Galletitas De Avena",
  },
  {
    "ai_enriched": false,
    "barcode": "7790000000063",
    "brand": null,
    "category": "Bebidas > Aguas > Aguas Saborizadas",
    "data_source": "off",
    "image_url": "https://img.test/63.jpg",
    "product_name": "Agua de Coco",
  },
  {
    "ai_enriched": false,
    "barcode": "7790000000064",
    "brand": "Marca 64",
    "category": "Congelados > Papas",
    "data_source": "off",
    "image_url": null,
    "product_name": "Papas Noisettes - Jamon Y Queso",
  },
  {
    "ai_enriched": false,
    "barcode": "7790000000065",
    "brand": "Marca 65",
    "category": "Bebidas > Vinos > Vinos Tintos",
    "data_source": "off",
    "image_url": "https://img.test/65.jpg",
    "product_name": "Vino Bianchi Varietal Malbec",
  },
  {
    "ai_enriched": true,
    "barcode": "7790000000066",
    "brand": null,
    "category": "Beverages",
    "data_source": "off",
    "image_url": "https://img.test/66.jpg",
    "product_name": "Chocolina cacao granulado",
  },
  {
    "ai_enriched": false,
    "barcode": "7790000000067",
    "brand": "Marca 67",
    "category": "AlmacéN > Sal",
    "data_source": "off",
    "image_url": "https://img.test/67.jpg",
    "product_name": "Canela Molida 43 Grs Carmencita",
  },
  {
    "ai_enriched": false,
    "barcode": "7790000000068",
    "brand": "Marca 68",
    "category": "Botanas",
    "data_source": "off",
    "image_url": null,
    "product_name": "Alfajores de Maicena",
  },
  {
    "ai_enriched": false,
    "barcode": "7790000000069",
    "brand": null,
    "category": "Congelados > Hamburguesas y Milanesas",
    "data_source": "off",
    "image_url": "https://img.test/69.jpg",
    "product_name": "Medallones de Carne Sabor Parrillero x 4 Un 320 Grs Swift",
  },
  {
    "ai_enriched": false,
    "barcode": "7790000000070",
    "brand": "Marca 70",
    "category": "Almacén > Pastas Secas y Salsas > Salsas",
    "data_source": "off",
    "image_url": "https://img.test/70.jpg",
    "product_name": "Salsa Picante Hot Chili Kuhne",
  },
  {
    "ai_enriched": false,
    "barcode": "7790000000071",
    "brand": "Marca 71",
    "category": "Almacén > Snacks > Papas Fritas",
    "data_source": "off",
    "image_url": "https://img.test/71.jpg",
    "product_name": "Papas Fritas Sabor Cheddar 72 Grs Saladix",
  },
  {
    "ai_enriched": true,
    "barcode": "7790000000072",
    "brand": null,
    "category": "Bebidas > Jugos > Frescos",
    "data_source": "off",
    "image_url": null,
    "product_name": "Limonada Sabor Limón con Cúrcuma Las Brisas",
  },
  {
    "ai_enriched": false,
    "barcode": "7790000000073",
    "brand": "Marca 73",
    "category": "Alimento",
    "data_source": "off",
    "image_url": "https://img.test/73.jpg",
    "product_name": "Snacks de Papa sabor Cheddar",
  },
  {
    "ai_enriched": false,
    "barcode": "7790000000074",
    "brand": "Marca 74",
    "category": "Condiments",
    "data_source": "off",
    "image_url": "https://img.test/74.jpg",
    "product_name": "Mayonesa con aceite de oliva",
  },
  {
    "ai_enriched": false,
    "barcode": "7790000000075",
    "brand": null,
    "category": "Almacén > Desayuno y Merienda > Galletitas Saladas",
    "data_source": "off",
    "image_url": "https://img.test/75.jpg",
    "product_name": "Galletitas Saladas Salvado 208 Grs Cerealitas",
  },
  {
    "ai_enriched": false,
    "barcode": "7790000000076",
    "brand": "Marca 76",
    "category": "Bebidas > Aguas > Aguas Sin Gas",
    "data_source": "off",
    "image_url": null,
    "product_name": "Agua Sin Gas 1.5 Lts Smart Water",
  },
  {
    "ai_enriched": false,
    "barcode": "7790000000077",
    "brand": "Marca 77",
    "category": "Dairies",
    "data_source": "off",
    "image_url": "https://img.test/77.jpg",
    "product_name": "Casancrem",
  },
  {
    "ai_enriched": true,
    "barcode": "7790000000078",
    "brand": null,
    "category": "Alimento",
    "data_source": "off",
    "image_url": "https://img.test/78.jpg",
    "product_name": "Galletas Cracker Mediodía",
  },
  {
    "ai_enriched": false,
    "barcode": "7790000000079",
    "brand": "Marca 79",
    "category": "Almacén > Enlatados y Conservas > Conservas de legumbres y vegetales",
    "data_source": "off",
    "image_url": "https://img.test/79.jpg",
    "product_name": "Arvejas verdes medianas Bonduelle en lata 300 grs",
  },
  {
    "ai_enriched": false,
    "barcode": "7790000000080",
    "brand": "Marca 80",
    "category": "Alimentos De Origen Vegetal",
    "data_source": "off",
    "image_url": null,
    "product_name": "Aceite de coco",
  },
  {
    "ai_enriched": false,
    "barcode": "7790000000081",
    "brand": null,
    "category": "Almacén > Pastas secas > Fideos guiseros y para sopas",
    "data_source": "off",
    "image_url": "https://img.test/81.jpg",
    "product_name": "Fideos mostachol Lucchetti.",
  },
  {
    "ai_enriched": false,
    "barcode": "7790000000082",
    "brand": "Marca 82",
    "category": "Bebidas",
    "data_source": "off",
    "image_url": "https://img.test/82.jpg",
    "product_name": "Cappuccino Light",
  },
  {
    "ai_enriched": false,
    "barcode": "7790000000083",
    "brand": "Marca 83",
    "category": "Almacén > Desayuno y Merienda > Cereales",
    "data_source": "off",
    "image_url": "https://img.test/83.jpg",
    "product_name": "Bolitas De Chocolate Sin Tacc Snuks",
  },
  {
    "ai_enriched": true,
    "barcode": "7790000000084",
    "brand": null,
    "category": "Alimentos De Origen Vegetal",
    "data_source": "off",
    "image_url": null,
    "product_name": "Rapiditas",
  },
  {
    "ai_enriched": false,
    "barcode": "7790000000085",
    "brand": "Marca 85",
    "category": "Almacén > Arroz y legumbres > Legumbres",
    "data_source": "off",
    "image_url": "https://img.test/85.jpg",
    "product_name": "Quinoa entera Sturla.",
  },
  {
    "ai_enriched": false,
    "barcode": "7790000000086",
    "brand": "Marca 86",
    "category": "AlmacéN > Snacks > Pochoclos",
    "data_source": "off",
    "image_url": "https://img.test/86.jpg",
    "product_name": "Pochoclo Rakan Pulpa De Frutilla X150g",
  },
  {
    "ai_enriched": false,
    "barcode": "7790000000087",
    "brand": null,
    "category": "Bebidas > Gaseosas > Pomelo",
    "data_source": "off",
    "image_url": "https://img.test/87.jpg",
    "product_name": "Gaseosa Sin Azúcar Sabor Pomelo 1.5 Lts Paso de los Toros",
  },
  {
    "ai_enriched": false,
    "barcode": "7790000000088",
    "brand": "Marca 88",
    "category": "AlmacéN > Sal",
    "data_source": "off",
    "image_url": null,
    "product_name": "Sal fina light Genser salero.",
  },
  {
    "ai_enriched": false,
    "barcode": "7790000000089",
    "brand": "Marca 89",
    "category": "Almacén > Enlatados y Conservas > Conservas de legumbres y vegetales",
    "data_source": "off",
    "image_url": "https://img.test/89.jpg",
    "product_name": "Porotos secos remojados Vigente tetra.",
  },
  {
    "ai_enriched": true,
    "barcode": "7790000000090",
    "brand": null,
    "category": "Congelados > Hamburguesas y Milanesas",
    "data_source": "off",
    "image_url": "https://img.test/90.jpg",
    "product_name": "Milanesa De Soja Tipo Casera Granja Del Sol",
  },
  {
    "ai_enriched": false,
    "barcode": "7790000000091",
    "brand": "Marca 91",
    "category": "Almacén > Snacks > Frutas Secas y Disecadas",
    "data_source": "off",
    "image_url": "https://img.test/91.jpg",
    "product_name": "Mix Oriental Frutos Secos Cuisine & Co",
  },
  {
    "ai_enriched": false,
    "barcode": "7790000000092",
    "brand": "Marca 92",
    "category": "Almacén > Desayuno y Merienda > Mermeladas y Jaleas",
    "data_source": "off",
    "image_url": null,
    "product_name": "Dulce Orgánico Frambuesa Masseube",
  },
  {
    "ai_enriched": false,
    "barcode": "7790000000093",
    "brand": null,
    "category": "Budines Y Magdalenas",
    "data_source": "off",
    "image_url": "https://img.test/93.jpg",
    "product_name": "Madalenas Rellenas Dulce De Leche Bimbo",
  },
  {
    "ai_enriched": false,
    "barcode": "7790000000094",
    "brand": "Marca 94",
    "category": "Plant Based Foods",
    "data_source": "off",
    "image_url": "https://img.test/94.jpg",
    "product_name": "Lays 20rs",
  },
  {
    "ai_enriched": false,
    "barcode": "7790000000095",
    "brand": "Marca 95",
    "category": "Almacén > Desayuno y Merienda > Galletitas Dulces",
    "data_source": "off",
    "image_url": "https://img.test/95.jpg",
    "product_name": "Obleas Wafers Alla Vaniglia Schar",
  },
  {
    "ai_enriched": true,
    "barcode": "7790000000096",
    "brand": null,
    "category": "Congelados > Comidas Congeladas > Comidas Congeladas",
    "data_source": "off",
    "image_url": null,
    "product_name": "Pan Pre Horneado Mama Cocina Baguetin Multicereal X 420 Grs",
  },
  {
    "ai_enriched": false,
    "barcode": "7790000000097",
    "brand": "Marca 97",
    "category": "Alimento",
    "data_source": "off",
    "image_url": "https://img.test/97.jpg",
    "product_name": "Galletitas Dulces Sabor Vainilla",
  },
  {
    "ai_enriched": false,
    "barcode": "7790000000098",
    "brand": "Marca 98",
    "category": "Almacén > Desayuno y Merienda > Cacao y Saborizantes",
    "data_source": "off",
    "image_url": "https://img.test/98.jpg",
    "product_name": "Nesquik® Original Polvo Chocolatado X",
  },
  {
    "ai_enriched": false,
    "barcode": "7790000000099",
    "brand": null,
    "category": "Alimento",
    "data_source": "off",
    "image_url": "https://img.test/99.jpg",
    "product_name": "Envoltinas",
  },
  {
    "ai_enriched": false,
    "barcode": "7790000000100",
    "brand": "Marca 100",
    "category": "Almacén > Pastas Secas y Salsas > Pastas Secas Largas",
    "data_source": "off",
    "image_url": null,
    "product_name": "Fideos Lucchetti Tallarin Huevo X500g",
  },
  {
    "ai_enriched": false,
    "barcode": "7790000000101",
    "brand": "Marca 101",
    "category": "AlmacéN > Sal",
    "data_source": "off",
    "image_url": "https://img.test/101.jpg",
    "product_name": "Molinillo Cinco Pimientas X 180 Grs Cuisine & Co",
  },
  {
    "ai_enriched": true,
    "barcode": "7790000000102",
    "brand": null,
    "category": "Bebidas > Sidras",
    "data_source": "off",
    "image_url": "https://img.test/102.jpg",
    "product_name": "Sidra Pehuenia Jengibre",
  },
  {
    "ai_enriched": false,
    "barcode": "7790000000103",
    "brand": "Marca 103",
    "category": "LáCteos > Dulce De Leche",
    "data_source": "off",
    "image_url": "https://img.test/103.jpg",
    "product_name": "Dulce de Leche de Cabra 200 Grs Cabaña Piedras Blancas",
  },
  {
    "ai_enriched": false,
    "barcode": "7790000000104",
    "brand": "Marca 104",
    "category": "Paquetes variados de condimentos",
    "data_source": "off",
    "image_url": null,
    "product_name": "Saborizador Knorr tipo criollo sobre.",
  },
  {
    "ai_enriched": false,
    "barcode": "7790000000105",
    "brand": null,
    "category": "Bebidas > Aguas > Aguas Sin Gas",
    "data_source": "off",
    "image_url": "https://img.test/105.jpg",
    "product_name": "Agua Mineral Sin Gas Sabor Natural Villavicencio",
  },
  {
    "ai_enriched": false,
    "barcode": "7790000000106",
    "brand": "Marca 106",
    "category": "Almacén > Golosinas y Chocolates > Chocolates",
    "data_source": "off",
    "image_url": "https://img.test/106.jpg",
    "product_name": "Chocolate Semiamargo Sabor Naranja y Almendras 100 Grs Cachet",
  },
  {
    "ai_enriched": false,
    "barcode": "7790000000107",
    "brand": "Marca 107",
    "category": "Almacén > Desayuno y Merienda > Cereales",
    "data_source": "off",
    "image_url": "https://img.test/107.jpg",
    "product_name": "Granola Sabor Coconut y Chocolate 100 Grs Natural Candy",
  },
  {
    "ai_enriched": true,
    "barcode": "7790000000108",
    "brand": null,
    "category": "Desayuno y merienda > Golosinas y chocolates > Alfajores",
    "data_source": "off",
    "image_url": null,
    "product_name": "Alfajor",
  },
  {
    "ai_enriched": false,
    "barcode": "7790000000109",
    "brand": "Marca 109",
    "category": "Lácteos > Productos Veganos > Queso",
    "data_source": "off",
    "image_url": "https://img.test/109.jpg",
    "product_name": "Mozzarella Not Cheese",
  },
  {
    "ai_enriched": false,
    "barcode": "7790000000110",
    "brand": "Marca 110",
    "category": "Bebidas > Cervezas",
    "data_source": "off",
    "image_url": "https://img.test/110.jpg",
    "product_name": "Cerveza Grolsch Lata X",
  },
  {
    "ai_enriched": false,
    "barcode": "7790000000111",
    "brand": null,
    "category": "Lácteos > Yogures > Yogures Enteros",
    "data_source": "off",
    "image_url": "https://img.test/111.jpg",
    "product_name": "Yogurt Sabor Vainilla Líquido 500 Grs Las Tres Niñas y Yo",
  },
  {
    "ai_enriched": false,
    "barcode": "7790000000112",
    "brand": "Marca 112",
    "category": "Almacén > Pastas Secas y Salsas > Pastas Secas Largas",
    "data_source": "off",
    "image_url": null,
    "product_name": "Espagetti",
  },
  {
    "ai_enriched": false,
    "barcode": "7790000000113",
    "brand": "Marca 113",
    "category": "AlmacéN > Snacks > Snacks",
    "data_source": "off",
    "image_url": "https://img.test/113.jpg",
    "product_name": "Galletitas Snacks Gallo Queso",
  },
  {
    "ai_enriched": true,
    "barcode": "7790000000114",
    "brand": null,
    "category": "Almacén > Golosinas y Chocolates > Chocolates",
    "data_source": "off",
    "image_url": "https://img.test/114.jpg",
    "product_name": "Chocolate Aireado 100 Grs Cofler",
  },
  {
    "ai_enriched": false,
    "barcode": "7790000000115",
    "brand": "Marca 115",
    "category": "Almacén > Pastas Secas y Salsas > Salsas",
    "data_source": "off",
    "image_url": "https://img.test/115.jpg",
    "product_name": "Salsa Curry de Tomates y Leche de Coco Recetas de Entonces 160 Grs x 1 Un",
  },
  {
    "ai_enriched": false,
    "barcode": "7790000000116",
    "brand": "Marca 116",
    "category": "Alimento",
    "data_source": "off",
    "image_url": null,
    "product_name": "Durazno en trozos",
  },
  {
    "ai_enriched": false,
    "barcode": "7790000000117",
    "brand": null,
    "category": "Alimentos De Origen Vegetal",
    "data_source": "off",
    "image_url": "https://img.test/117.jpg",
    "product_name": "Medallones de Calabaza, Avena y Chía",
  },
  {
    "ai_enriched": false,
    "barcode": "7790000000118",
    "brand": "Marca 118",
    "category": "Almacén > Desayuno y Merienda > Cacao y Saborizantes",
    "data_source": "off",
    "image_url": "https://img.test/118.jpg",
    "product_name": "Condimento Sabor Golden Milk 200 Grs Sri Sri Tattva",
  },
  {
    "ai_enriched": false,
    "barcode": "7790000000119",
    "brand": "Marca 119",
    "category": "Bebidas",
    "data_source": "off",
    "image_url": "https://img.test/119.jpg",
    "product_name": "Original",
  },
  {
    "ai_enriched": true,
    "barcode": "7790000000120",
    "brand": null,
    "category": "Almacén > Conservas > Conservas de Frutas",
    "data_source": "off",
    "image_url": null,
    "product_name": "Peras En Mitades Marolio",
  },
  {
    "ai_enriched": false,
    "barcode": "7790000000121",
    "brand": "Marca 121",
    "category": "Plantas Para Infusiones",
    "data_source": "off",
    "image_url": "https://img.test/121.jpg",
    "product_name": "Yerba Mate Pomelo",
  },
  {
    "ai_enriched": false,
    "barcode": "7790000000122",
    "brand": "Marca 122",
    "category": "Frutas Y Verduras > Huevos",
    "data_source": "off",
    "image_url": "https://img.test/122.jpg",
    "product_name": "Huevos de Gallina Color Extra Grande 12 Un",
  },
  {
    "ai_enriched": false,
    "barcode": "7790000000123",
    "brand": null,
    "category": "Almacén > Pastas secas > Fideos largos",
    "data_source": "off",
    "image_url": "https://img.test/123.jpg",
    "product_name": "Fideos tallarín Arcor.",
  },
  {
    "ai_enriched": false,
    "barcode": "7790000000124",
    "brand": "Marca 124",
    "category": "Botanas",
    "data_source": "off",
    "image_url": null,
    "product_name": "Mini Pitusas sabor Frutilla",
  },
  {
    "ai_enriched": false,
    "barcode": "7790000000125",
    "brand": "Marca 125",
    "category": "Bolsitas De Té",
    "data_source": "off",
    "image_url": "https://img.test/125.jpg",
    "product_name": "Meditación - té",
  },
  {
    "ai_enriched": true,
    "barcode": "7790000000126",
    "brand": null,
    "category": "Almacén > Desayuno y Merienda > Azúcar y Edulcorantes",
    "data_source": "off",
    "image_url": "https://img.test/126.jpg",
    "product_name": "Azúcar Rubia Orgánica 1 Un 330 Grs Beepure",
  },
  {
    "ai_enriched": false,
    "barcode": "7790000000127",
    "brand": "Marca 127",
    "category": "Almacén > Conservas > Conservas de Frutas",
    "data_source": "off",
    "image_url": "https://img.test/127.jpg",
    "product_name": "Puré de Frutas Sabor Manzana Pera y Banana 110 Grs Zummy",
  },
  {
    "ai_enriched": false,
    "barcode": "7790000000128",
    "brand": "Marca 128",
    "category": "Panaderia y Pasteleria > Panadería Salada > Pizzas y Focaccias",
    "data_source": "off",
    "image_url": null,
    "product_name": "Pre-pizza Los Pibes M.a.m.a.",
  },
  {
    "ai_enriched": false,
    "barcode": "7790000000129",
    "brand": null,
    "category": "Lácteos > Yogures > Yogures Descremados",
    "data_source": "off",
    "image_url": "https://img.test/129.jpg",
    "product_name": "Yog. Desc. Colchon Maracuya Dahi",
  },
  {
    "ai_enriched": false,
    "barcode": "7790000000130",
    "brand": "Marca 130",
    "category": "Bebidas > Gaseosas > Cola",
    "data_source": "off",
    "image_url": "https://img.test/130.jpg",
    "product_name": "Coca zero 1,5l",
  },
  {
    "ai_enriched": false,
    "barcode": "7790000000131",
    "brand": "Marca 131",
    "category": "Bebidas > Aguas > Aguas Sin Gas",
    "data_source": "off",
    "image_url": "https://img.test/131.jpg",
    "product_name": "Agua Mineral Sin Gas Sierra de los Padres",
  },
  {
    "ai_enriched": true,
    "barcode": "7790000000132",
    "brand": null,
    "category": "Almacén > Harinas > Pan rallado y rebozadores",
    "data_source": "off",
    "image_url": null,
    "product_name": "Pan rallado Mamá Cocina fortificado.",
  },
  {
    "ai_enriched": false,
    "barcode": "7790000000133",
    "brand": "Marca 133",
    "category": "Almacén > Desayuno y Merienda > Galletitas Dulces",
    "data_source": "off",
    "image_url": "https://img.test/133.jpg",
    "product_name": "Galletas de Arroz Integral Sabor Dulce 100 Grs Riski-Dit",
  },
  {
    "ai_enriched": false,
    "barcode": "7790000000134",
    "brand": "Marca 134",
    "category": "Almacén > Pastas Secas y Salsas > Salsas",
    "data_source": "off",
    "image_url": "https://img.test/134.jpg",
    "product_name": "Salsa Picante Sriracha Tabasco",
  },
  {
    "ai_enriched": false,
    "barcode": "7790000000135",
    "brand": null,
    "category": "Almacén > Aceites y Vinagres > Aceites Especiales",
    "data_source": "off",
    "image_url": "https://img.test/135.jpg",
    "product_name": "Aceite Nucete De Oliva Extra Virgen Premium",
  },
  {
    "ai_enriched": false,
    "barcode": "7790000000136",
    "brand": "Marca 136",
    "category": "Almacén > Pastas secas > Fideos guiseros y para sopas",
    "data_source": "off",
    "image_url": null,
    "product_name": "Tirabuzón Garbanzo",
  },
  {
    "ai_enriched": false,
    "barcode": "7790000000137",
    "brand": "Marca 137",
    "category": "Bebidas > Vinos > Vinos Tintos",
    "data_source": "off",
    "image_url": "https://img.test/137.jpg",
    "product_name": "Vino Tinto Malbec La Flor",
  },
  {
    "ai_enriched": true,
    "barcode": "7790000000138",
    "brand": null,
    "category": "AlmacéN > Sal",
    "data_source": "off",
    "image_url": "https://img.test/138.jpg",
    "product_name": "Condimento Alicante chicmichurri sobre.",
  },
  {
    "ai_enriched": false,
    "barcode": "7790000000139",
    "brand": "Marca 139",
    "category": "Almacén > Desayuno y Merienda > Cereales",
    "data_source": "off",
    "image_url": "https://img.test/139.jpg",
    "product_name": "Colados Nestle Pollo Y Verdura Frasco",
  },
  {
    "ai_enriched": false,
    "barcode": "7790000000140",
    "brand": "Marca 140",
    "category": "Lácteos > Pastas y Tapas > Tapas",
    "data_source": "off",
    "image_url": null,
    "product_name": "Tapas de Empanadas Criolla x 18 Un 450 Grs Signo de Oro",
  },
  {
    "ai_enriched": false,
    "barcode": "7790000000141",
    "brand": null,
    "category": "AlmacéN > Sal",
    "data_source": "off",
    "image_url": "https://img.test/141.jpg",
    "product_name": "Salsa chimichurri Dos Anclas pet.",
  },
  {
    "ai_enriched": false,
    "barcode": "7790000000142",
    "brand": "Marca 142",
    "category": "Botanas",
    "data_source": "off",
    "image_url": "https://img.test/142.jpg",
    "product_name": "Tostadas Sin Sal Criollitas",
  },
  {
    "ai_enriched": false,
    "barcode": "7790000000143",
    "brand": "Marca 143",
    "category": "Almacén > Conservas > Conservas de Pescado",
    "data_source": "off",
    "image_url": "https://img.test/143.jpg",
    "product_name": "Mejillones En Aceite Robison Crusoe",
  },
  {
    "ai_enriched": true,
    "barcode": "7790000000144",
    "brand": null,
    "category": "Desayuno Y Merienda > Yerba",
    "data_source": "off",
    "image_url": null,
    "product_name": "Yerba mate sabor hierbas Buenas y Santas 500 grs",
  },
  {
    "ai_enriched": false,
    "barcode": "7790000000145",
    "brand": "Marca 145",
    "category": "Bebidas > Vinos > Vinos Tintos",
    "data_source": "off",
    "image_url": "https://img.test/145.jpg",
    "product_name": "Vino Bonarda El Enemigo",
  },
  {
    "ai_enriched": false,
    "barcode": "7790000000146",
    "brand": "Marca 146",
    "category": "Alimento",
    "data_source": "off",
    "image_url": "https://img.test/146.jpg",
    "product_name": "Ñoquis",
  },
  {
    "ai_enriched": false,
    "barcode": "7790000000147",
    "brand": null,
    "category": "Bebidas > Vinos > Vinos Tintos",
    "data_source": "off",
    "image_url": "https://img.test/147.jpg",
    "product_name": "Vino Desterrado El Inicio Blend",
  },
  {
    "ai_enriched": false,
    "barcode": "7790000000148",
    "brand": "Marca 148",
    "category": "Bebidas",
    "data_source": "off",
    "image_url": null,
    "product_name": "Agua mineralizada",
  },
  {
    "ai_enriched": false,
    "barcode": "7790000000149",
    "brand": "Marca 149",
    "category": "Aliments D'Origine VéGéTale",
    "data_source": "off",
    "image_url": "https://img.test/149.jpg",
    "product_name": "Cereales Sabor Chocolate 180 Grs Cuisine & Co",
  },
  {
    "ai_enriched": true,
    "barcode": "7790000000150",
    "brand": null,
    "category": "AlmacéN > Sal",
    "data_source": "off",
    "image_url": "https://img.test/150.jpg",
    "product_name": "Cacao En Polvo Mas Life Superfood",
  },
  {
    "ai_enriched": false,
    "barcode": "7790000000151",
    "brand": "Marca 151",
    "category": "Congelados > Nuggets y rebozados",
    "data_source": "off",
    "image_url": "https://img.test/151.jpg",
    "product_name": "Milanesa De Carne",
  },
  {
    "ai_enriched": false,
    "barcode": "7790000000152",
    "brand": "Marca 152",
    "category": "Almacén > Desayuno y Merienda > Galletitas Dulces",
    "data_source": "off",
    "image_url": null,
    "product_name": "Galletitas Minipolvorita Vai",
  },
  {
    "ai_enriched": false,
    "barcode": "7790000000153",
    "brand": null,
    "category": "Chocolates",
    "data_source": "off",
    "image_url": "https://img.test/153.jpg",
    "product_name": "Chocolate 60% Cacao",
  },
  {
    "ai_enriched": false,
    "barcode": "7790000000154",
    "brand": "Marca 154",
    "category": "Alimentos De Origen Vegetal",
    "data_source": "off",
    "image_url": "https://img.test/154.jpg",
    "product_name": "Quinoa real blanca",
  },
  {
    "ai_enriched": false,
    "barcode": "7790000000155",
    "brand": "Marca 155",
    "category": "Almacén > Aderezos > Mayonesas",
    "data_source": "off",
    "image_url": "https://img.test/155.jpg",
    "product_name": "Mayonesa Natura chica",
  },
  {
    "ai_enriched": true,
    "barcode": "7790000000156",
    "brand": null,
    "category": "Rice Dishes",
    "data_source": "off",
    "image_url": null,
    "product_name": "Risotto 4 Quesos",
  },
  {
    "ai_enriched": false,
    "barcode": "7790000000157",
    "brand": "Marca 157",
    "category": "Almacén > Aceites y Vinagres > Acetos",
    "data_source": "off",
    "image_url": "https://img.test/157.jpg",
    "product_name": "Aceto Balsámico Premium Olitalia",
  },
  {
    "ai_enriched": false,
    "barcode": "7790000000158",
    "brand": "Marca 158",
    "category": "Bebidas > Bebidas Blancas",
    "data_source": "off",
    "image_url": "https://img.test/158.jpg",
    "product_name": "Vodka Sabor Frambuesa Wyborowa",
  },
  {
    "ai_enriched": false,
    "barcode": "7790000000159",
    "brand": null,
    "category": "Almacén > Aceites y vinagres > Aceites de oliva",
    "data_source": "off",
    "image_url": "https://img.test/159.jpg",
    "product_name": "Aceite de oliva Natura extra virgen selección.",
  },
  {
    "ai_enriched": false,
    "barcode": "7790000000160",
    "brand": "Marca 160",
    "category": "Almacén > Arroz y Legumbres > Arroz Listos",
    "data_source": "off",
    "image_url": null,
    "product_name": "Risotto Basmati Gallo",
  },
  {
    "ai_enriched": false,
    "barcode": "7790000000161",
    "brand": "Marca 161",
    "category": "SáNdwiches",
    "data_source": "off",
    "image_url": "https://img.test/161.jpg",
    "product_name": "Hamburguesas Clasicas",
  },
  {
    "ai_enriched": true,
    "barcode": "7790000000162",
    "brand": null,
    "category": "Almacén > Desayuno y Merienda > Mermeladas y Jaleas",
    "data_source": "off",
    "image_url": "https://img.test/162.jpg",
    "product_name": "Mermelada Frutos Rojos Selección La Campagnola",
  },
  {
    "ai_enriched": false,
    "barcode": "7790000000163",
    "brand": "Marca 163",
    "category": "Almacén > Snacks > Papas Fritas",
    "data_source": "off",
    "image_url": "https://img.test/163.jpg",
    "product_name": "Papas Fritas Sabor Crema y Ciboulette 70 Grs Julicroc",
  },
  {
    "ai_enriched": false,
    "barcode": "7790000000164",
    "brand": "Marca 164",
    "category": "Bebidas > Vinos > Vinos Tintos",
    "data_source": "off",
    "image_url": null,
    "product_name": "Vino Malbec X El Cazador",
  },
  {
    "ai_enriched": false,
    "barcode": "7790000000165",
    "brand": null,
    "category": "Bebidas > Vinos > Vinos Tintos",
    "data_source": "off",
    "image_url": "https://img.test/165.jpg",
    "product_name": "Vino Blanco Malbec Killka",
  },
  {
    "ai_enriched": false,
    "barcode": "7790000000166",
    "brand": "Marca 166",
    "category": "Almacén > Golosinas y Chocolates > Turrones y Grageas",
    "data_source": "off",
    "image_url": "https://img.test/166.jpg",
    "product_name": "Turrón de Alicante Tradicional 150 Grs Cuisine & Co Premium",
  },
  {
    "ai_enriched": false,
    "barcode": "7790000000167",
    "brand": "Marca 167",
    "category": "Desayuno y merienda > Golosinas y chocolates > Alfajores",
    "data_source": "off",
    "image_url": "https://img.test/167.jpg",
    "product_name": "Alfajor Turimar chocolate triple.",
  },
  {
    "ai_enriched": true,
    "barcode": "7790000000168",
    "brand": null,
    "category": "Almacén > Conservas > Conservas de Verduras y Legumbres",
    "data_source": "off",
    "image_url": null,
    "product_name": "Palmitos En Trozos 400 Grs Cuisine & Co",
  },
  {
    "ai_enriched": false,
    "barcode": "7790000000169",
    "brand": "Marca 169",
    "category": "Bebidas > Vinos > Vinos Tintos",
    "data_source": "off",
    "image_url": "https://img.test/169.jpg",
    "product_name": "Vino Tinto Red Blend Emilia",
  },
  {
    "ai_enriched": false,
    "barcode": "7790000000170",
    "brand": "Marca 170",
    "category": "Lácteos > Yogures > Yogures Descremados",
    "data_source": "off",
    "image_url": "https://img.test/170.jpg",
    "product_name": "Yogur Des. Frutilla Tetratop X1kg Ilolay",
  },
  {
    "ai_enriched": false,
    "barcode": "7790000000171",
    "brand": null,
    "category": "AlmacéN > Sal",
    "data_source": "off",
    "image_url": "https://img.test/171.jpg",
    "product_name": "Salsa de ají picante Dos Anclas pet.",
  },
  {
    "ai_enriched": false,
    "barcode": "7790000000172",
    "brand": "Marca 172",
    "category": "Almacén > Golosinas y Chocolates > Chocolates",
    "data_source": "off",
    "image_url": null,
    "product_name": "Chocolate Cachafaz Con Leche Almendras",
  },
  {
    "ai_enriched": false,
    "barcode": "7790000000173",
    "brand": "Marca 173",
    "category": "Alimento",
    "data_source": "off",
    "image_url": "https://img.test/173.jpg",
    "product_name": "Whey Protein Premium",
  },
  {
    "ai_enriched": true,
    "barcode": "7790000000174",
    "brand": null,
    "category": "Alimentos De Origen Vegetal",
    "data_source": "off",
    "image_url": "https://img.test/174.jpg",
    "product_name": "Bocaditos",
  },
  {
    "ai_enriched": false,
    "barcode": "7790000000175",
    "brand": "Marca 175",
    "category": "Bebidas > Cervezas",
    "data_source": "off",
    "image_url": "https://img.test/175.jpg",
    "product_name": "Cerveza Frankerfurt Eschenbancher",
  },
  {
    "ai_enriched": false,
    "barcode": "7790000000176",
    "brand": "Marca 176",
    "category": "Alimentos De Origen Vegetal",
    "data_source": "off",
    "image_url": null,
    "product_name": "Aceite de oliva",
  },
  {
    "ai_enriched": false,
    "barcode": "7790000000177",
    "brand": null,
    "category": "Bebidas > Vinos > Vinos Tintos",
    "data_source": "off",
    "image_url": "https://img.test/177.jpg",
    "product_name": "Vino Tinto Corte Crux",
  },
  {
    "ai_enriched": false,
    "barcode": "7790000000178",
    "brand": "Marca 178",
    "category": "Alimento",
    "data_source": "off",
    "image_url": "https://img.test/178.jpg",
    "product_name": "Chocolate Amargo 70%",
  },
  {
    "ai_enriched": false,
    "barcode": "7790000000179",
    "brand": "Marca 179",
    "category": "Frutas Y Verduras > Huevos",
    "data_source": "off",
    "image_url": "https://img.test/179.jpg",
    "product_name": "Huevos Color Doña Lala X 12u Carton",
  },
  {
    "ai_enriched": true,
    "barcode": "7790000000180",
    "brand": null,
    "category": "Endulzantes",
    "data_source": "off",
    "image_url": null,
    "product_name": "Edulcorante Sweet Hileret",
  },
  {
    "ai_enriched": false,
    "barcode": "7790000000181",
    "brand": "Marca 181",
    "category": "AlmacéN > Sal",
    "data_source": "off",
    "image_url": "https://img.test/181.jpg",
    "product_name": "Salsa 4 quesos Alicante sobre.",
  },
  {
    "ai_enriched": false,
    "barcode": "7790000000182",
    "brand": "Marca 182",
    "category": "Almacén > Desayuno y Merienda > Mermeladas y Jaleas",
    "data_source": "off",
    "image_url": "https://img.test/182.jpg",
    "product_name": "Mermelada",
  },
  {
    "ai_enriched": false,
    "barcode": "7790000000183",
    "brand": null,
    "category": "en:Tartlet biscuits with fruit preparation",
    "data_source": "off",
    "image_url": "https://img.test/183.jpg",
    "product_name": "Pepas con chips de chocolate",
  },
  {
    "ai_enriched": false,
    "barcode": "7790000000184",
    "brand": "Marca 184",
    "category": "Bebidas",
    "data_source": "off",
    "image_url": null,
    "product_name": "Fernet Branca",
  },
  {
    "ai_enriched": false,
    "barcode": "7790000000185",
    "brand": "Marca 185",
    "category": "Bebidas > Bebidas Blancas",
    "data_source": "off",
    "image_url": "https://img.test/185.jpg",
    "product_name": "Gin Dry Heredero",
  },
  {
    "ai_enriched": true,
    "barcode": "7790000000186",
    "brand": null,
    "category": "Almacén > Desayuno y Merienda > Cafés",
    "data_source": "off",
    "image_url": "https://img.test/186.jpg",
    "product_name": "Café Espresso Molido Volcán Juan Valdez Premium",
  },
  {
    "ai_enriched": false,
    "barcode": "7790000000187",
    "brand": "Marca 187",
    "category": "LáCteos",
    "data_source": "off",
    "image_url": "https://img.test/187.jpg",
    "product_name": "Leche 0% lactosa",
  },
  {
    "ai_enriched": false,
    "barcode": "7790000000188",
    "brand": "Marca 188",
    "category": "Almacén > Aceites y Vinagres > Jugos de Limón",
    "data_source": "off",
    "image_url": null,
    "product_name": "Jugo Sabor Limón Dos Anclas",
  },
  {
    "ai_enriched": false,
    "barcode": "7790000000189",
    "brand": null,
    "category": "Almacén > Pastas secas > Fideos guiseros y para sopas",
    "data_source": "off",
    "image_url": "https://img.test/189.jpg",
    "product_name": "Fideos orecchiette De Cecco en bolsa.",
  },
  {
    "ai_enriched": false,
    "barcode": "7790000000190",
    "brand": "Marca 190",
    "category": "Dairies",
    "data_source": "off",
    "image_url": "https://img.test/190.jpg",
    "product_name": "Flan Godet Vainilla",
  },
  {
    "ai_enriched": false,
    "barcode": "7790000000191",
    "brand": "Marca 191",
    "category": "Alimentos De Origen Vegetal",
    "data_source": "off",
    "image_url": "https://img.test/191.jpg",
    "product_name": "Pan con salvado con semillas de chía y lino",
  },
  {
    "ai_enriched": true,
    "barcode": "7790000000192",
    "brand": null,
    "category": "Alimentos De Origen Vegetal",
    "data_source": "off",
    "image_url": null,
    "product_name": "Cica tirabuzon",
  },
  {
    "ai_enriched": false,
    "barcode": "7790000000193",
    "brand": "Marca 193",
    "category": "Almacén > Desayuno y Merienda > Galletitas Dulces",
    "data_source": "off",
    "image_url": "https://img.test/193.jpg",
    "product_name": "Gallo Snacks Bizcochos De Arroz Tortita Negra.",
  },
  {
    "ai_enriched": false,
    "barcode": "7790000000194",
    "brand": "Marca 194",
    "category": "Almacén > Harinas > Otras harinas",
    "data_source": "off",
    "image_url": "https://img.test/194.jpg",
    "product_name": "Harina de lino Sturla.",
  },
  {
    "ai_enriched": false,
    "barcode": "7790000000195",
    "brand": null,
    "category": "Almacén > Pastas secas > Fideos largos",
    "data_source": "off",
    "image_url": "https://img.test/195.jpg",
    "product_name": "Fideos",
  },
  {
    "ai_enriched": false,
    "barcode": "7790000000196",
    "brand": "Marca 196",
    "category": "Bebidas > Cervezas",
    "data_source": "off",
    "image_url": null,
    "product_name": "Cerveza Hertog Jan-bot-ml.-500",
  },
  {
    "ai_enriched": false,
    "barcode": "7790000000197",
    "brand": "Marca 197",
    "category": "Almacén > Pastas secas > Fideos largos",
    "data_source": "off",
    "image_url": "https://img.test/197.jpg",
    "product_name": "Fideos tallarines Lucchetti.",
  },
  {
    "ai_enriched": true,
    "barcode": "7790000000198",
    "brand": null,
    "category": "Bebidas > Gaseosas > Lima Limón",
    "data_source": "off",
    "image_url": "https://img.test/198.jpg",
    "product_name": "Gaseosa Sin Azúcar Sabor Lima-limón Sprite",
  },
  {
    "ai_enriched": false,
    "barcode": "7790000000199",
    "brand": "Marca 199",
    "category": "Bebidas > Jugos > Listos",
    "data_source": "off",
    "image_url": "https://img.test/199.jpg",
    "product_name": "Jugo Sabor Pomelo Cepita",
  },
]
`;
